#
# There is insufficient memory for the Java Runtime Environment to continue.
# Native memory allocation (malloc) failed to allocate 1048576 bytes. Error detail: AllocateHeap
# Possible reasons:
#   The system is out of physical RAM or swap space
#   This process is running with CompressedOops enabled, and the Java Heap may be blocking the growth of the native heap
# Possible solutions:
#   Reduce memory load on the system
#   Increase physical memory or swap space
#   Check if swap backing store is full
#   Decrease Java heap size (-Xmx/-Xms)
#   Decrease number of Java threads
#   Decrease Java thread stack sizes (-Xss)
#   Set larger code cache with -XX:ReservedCodeCacheSize=
#   JVM is running with Unscaled Compressed Oops mode in which the Java heap is
#     placed in the first 4GB address space. The Java Heap base address is the
#     maximum limit for the native heap growth. Please use -XX:HeapBaseMinAddress
#     to set the Java Heap base and to place the Java Heap above 4GB virtual address.
# This output file may be truncated or incomplete.
#
#  Out of Memory Error (allocation.cpp:44), pid=15888, tid=9352
#
# JRE version: OpenJDK Runtime Environment Temurin-21.0.11+10 (21.0.11+10) (build 21.0.11+10-LTS)
# Java VM: OpenJDK 64-Bit Server VM Temurin-21.0.11+10 (21.0.11+10-LTS, mixed mode, sharing, tiered, compressed oops, compressed class ptrs, parallel gc, windows-amd64)
# No core dump will be written. Minidumps are not enabled by default on client versions of Windows
#

---------------  S U M M A R Y ------------

Command Line: --add-modules=ALL-SYSTEM --add-opens=java.base/java.util=ALL-UNNAMED --add-opens=java.base/java.lang=ALL-UNNAMED --add-opens=java.base/sun.nio.fs=ALL-UNNAMED -Declipse.application=org.eclipse.jdt.ls.core.id1 -Dosgi.bundles.defaultStartLevel=4 -Declipse.product=org.eclipse.jdt.ls.core.product -Djava.import.generatesMetadataFilesAtProjectRoot=false -DDetectVMInstallationsJob.disabled=true -Dfile.encoding=utf8 -XX:+UseParallelGC -XX:GCTimeRatio=4 -XX:AdaptiveSizePolicyWeight=90 -Dsun.zip.disableMemoryMapping=true -Xmx2G -Xms100m -Xlog:disable -javaagent:c:\Users\Admin\.vscode\extensions\redhat.java-1.55.0-win32-x64\lombok\lombok-1.18.39-4050.jar -XX:+HeapDumpOnOutOfMemoryError -XX:HeapDumpPath=c:\Users\Admin\AppData\Roaming\Code\User\workspaceStorage\d9b9f2700200b537eba820d095def1a9\redhat.java -Daether.dependencyCollector.impl=bf c:\Users\Admin\.vscode\extensions\redhat.java-1.55.0-win32-x64\server\plugins\org.eclipse.equinox.launcher_1.7.200.v20260619-2039.jar -configuration c:\Users\Admin\AppData\Roaming\Code\User\globalStorage\redhat.java\1.55.0\config_win -data c:\Users\Admin\AppData\Roaming\Code\User\workspaceStorage\d9b9f2700200b537eba820d095def1a9\redhat.java\jdt_ws --pipe=\\.\pipe\lsp-21af7928e7ef02194658108605682c8e-sock

Host: 11th Gen Intel(R) Core(TM) i5-1135G7 @ 2.40GHz, 8 cores, 7G,  Windows 11 , 64 bit Build 26100 (10.0.26100.8875)
Time: Wed Jul 29 16:54:05 2026 India Standard Time elapsed time: 6208.323626 seconds (0d 1h 43m 28s)

---------------  T H R E A D  ---------------

Current thread (0x000001d2573888c0):  JavaThread "Attach Listener" daemon [_thread_in_vm, id=9352, stack(0x0000008563200000,0x0000008563300000) (1024K)]

Stack: [0x0000008563200000,0x0000008563300000]
Native frames: (J=compiled Java code, j=interpreted, Vv=VM code, C=native code)
V  [jvm.dll+0x6d7e19]
V  [jvm.dll+0x8b5096]
V  [jvm.dll+0x8b764e]
V  [jvm.dll+0x8b7d33]
V  [jvm.dll+0x284596]
V  [jvm.dll+0xc13c7]
V  [jvm.dll+0x6d86c9]
V  [jvm.dll+0x133616]
V  [jvm.dll+0x3f868e]
V  [jvm.dll+0x85fb0d]
V  [jvm.dll+0x6d664d]
C  [ucrtbase.dll+0x2cd30]
C  [KERNEL32.DLL+0x2e957]
C  [ntdll.dll+0xaad6c]


---------------  P R O C E S S  ---------------

Threads class SMR info:
_java_thread_list=0x000001d277dab550, length=35, elements={
0x000001d25740d110, 0x000001d25737e3e0, 0x000001d2573808c0, 0x000001d257387c60,
0x000001d2573888c0, 0x000001d25738c930, 0x000001d257392630, 0x000001d2573a6df0,
0x000001d2573a9560, 0x000001d257390bf0, 0x000001d25738f840, 0x000001d25738fed0,
0x000001d257391280, 0x000001d257390560, 0x000001d257391fa0, 0x000001d257391910,
0x000001d257392cc0, 0x000001d27424e390, 0x000001d27424c2c0, 0x000001d27424c950,
0x000001d27424d670, 0x000001d27424b5a0, 0x000001d274251180, 0x000001d274250460,
0x000001d27424fdd0, 0x000001d27424f740, 0x000001d274250af0, 0x000001d274251810,
0x000001d274252530, 0x000001d27424f0b0, 0x000001d274251ea0, 0x000001d27626e2c0,
0x000001d27626fd00, 0x000001d27b7766d0, 0x000001d27b776040
}

Java Threads: ( => current thread )
  0x000001d25740d110 JavaThread "main"                              [_thread_blocked, id=1752, stack(0x0000008562b00000,0x0000008562c00000) (1024K)]
  0x000001d25737e3e0 JavaThread "Reference Handler"          daemon [_thread_blocked, id=10248, stack(0x0000008562f00000,0x0000008563000000) (1024K)]
  0x000001d2573808c0 JavaThread "Finalizer"                  daemon [_thread_blocked, id=816, stack(0x0000008563000000,0x0000008563100000) (1024K)]
  0x000001d257387c60 JavaThread "Signal Dispatcher"          daemon [_thread_blocked, id=6760, stack(0x0000008563100000,0x0000008563200000) (1024K)]
=>0x000001d2573888c0 JavaThread "Attach Listener"            daemon [_thread_in_vm, id=9352, stack(0x0000008563200000,0x0000008563300000) (1024K)]
  0x000001d25738c930 JavaThread "Service Thread"             daemon [_thread_blocked, id=1280, stack(0x0000008563300000,0x0000008563400000) (1024K)]
  0x000001d257392630 JavaThread "Monitor Deflation Thread"   daemon [_thread_blocked, id=11376, stack(0x0000008563400000,0x0000008563500000) (1024K)]
  0x000001d2573a6df0 JavaThread "C2 CompilerThread0"         daemon [_thread_blocked, id=20756, stack(0x0000008563500000,0x0000008563600000) (1024K)]
  0x000001d2573a9560 JavaThread "C1 CompilerThread0"         daemon [_thread_blocked, id=10400, stack(0x0000008563600000,0x0000008563700000) (1024K)]
  0x000001d257390bf0 JavaThread "Common-Cleaner"             daemon [_thread_blocked, id=1308, stack(0x0000008563800000,0x0000008563900000) (1024K)]
  0x000001d25738f840 JavaThread "Notification Thread"        daemon [_thread_blocked, id=21356, stack(0x0000008563900000,0x0000008563a00000) (1024K)]
  0x000001d25738fed0 JavaThread "Active Thread: Equinox Container: a1dc8e0d-0253-41ed-b05b-e51a7647279f"        [_thread_blocked, id=11824, stack(0x0000008564100000,0x0000008564200000) (1024K)]
  0x000001d257391280 JavaThread "Refresh Thread: Equinox Container: a1dc8e0d-0253-41ed-b05b-e51a7647279f" daemon [_thread_blocked, id=21700, stack(0x0000008563a00000,0x0000008563b00000) (1024K)]
  0x000001d257390560 JavaThread "Framework Event Dispatcher: Equinox Container: a1dc8e0d-0253-41ed-b05b-e51a7647279f" daemon [_thread_blocked, id=7468, stack(0x0000008564200000,0x0000008564300000) (1024K)]
  0x000001d257391fa0 JavaThread "Start Level: Equinox Container: a1dc8e0d-0253-41ed-b05b-e51a7647279f" daemon [_thread_blocked, id=14136, stack(0x0000008564300000,0x0000008564400000) (1024K)]
  0x000001d257391910 JavaThread "Bundle File Closer"         daemon [_thread_blocked, id=20468, stack(0x0000008564400000,0x0000008564500000) (1024K)]
  0x000001d257392cc0 JavaThread "SCR Component Actor"        daemon [_thread_blocked, id=13088, stack(0x0000008562800000,0x0000008562900000) (1024K)]
  0x000001d27424e390 JavaThread "Worker-JM"                         [_thread_blocked, id=17004, stack(0x0000008564700000,0x0000008564800000) (1024K)]
  0x000001d27424c2c0 JavaThread "Worker-1"                          [_thread_blocked, id=3656, stack(0x0000008564900000,0x0000008564a00000) (1024K)]
  0x000001d27424c950 JavaThread "Java indexing"              daemon [_thread_blocked, id=4256, stack(0x0000008564600000,0x0000008564700000) (1024K)]
  0x000001d27424d670 JavaThread "JNA Cleaner"                daemon [_thread_blocked, id=12008, stack(0x0000008564c00000,0x0000008564d00000) (1024K)]
  0x000001d27424b5a0 JavaThread "Thread-1"                   daemon [_thread_in_native, id=19716, stack(0x0000008565200000,0x0000008565300000) (1024K)]
  0x000001d274251180 JavaThread "Thread-2"                   daemon [_thread_in_native, id=14112, stack(0x0000008565300000,0x0000008565400000) (1024K)]
  0x000001d274250460 JavaThread "Thread-3"                   daemon [_thread_in_native, id=10256, stack(0x0000008565400000,0x0000008565500000) (1024K)]
  0x000001d27424fdd0 JavaThread "Thread-4"                   daemon [_thread_in_native, id=7288, stack(0x0000008565500000,0x0000008565600000) (1024K)]
  0x000001d27424f740 JavaThread "Thread-5"                   daemon [_thread_in_native, id=20632, stack(0x0000008565600000,0x0000008565700000) (1024K)]
  0x000001d274250af0 JavaThread "Thread-6"                   daemon [_thread_in_native, id=19964, stack(0x0000008565700000,0x0000008565800000) (1024K)]
  0x000001d274251810 JavaThread "Thread-7"                   daemon [_thread_in_native, id=15320, stack(0x0000008565800000,0x0000008565900000) (1024K)]
  0x000001d274252530 JavaThread "Thread-8"                   daemon [_thread_in_native, id=20640, stack(0x0000008565900000,0x0000008565a00000) (1024K)]
  0x000001d27424f0b0 JavaThread "Thread-9"                   daemon [_thread_in_native, id=5400, stack(0x0000008565a00000,0x0000008565b00000) (1024K)]
  0x000001d274251ea0 JavaThread "pool-2-thread-1"                   [_thread_blocked, id=15828, stack(0x0000008565b00000,0x0000008565c00000) (1024K)]
  0x000001d27626e2c0 JavaThread "WorkspaceEventsHandler"            [_thread_blocked, id=6952, stack(0x0000008565c00000,0x0000008565d00000) (1024K)]
  0x000001d27626fd00 JavaThread "pool-1-thread-1"                   [_thread_blocked, id=11356, stack(0x0000008565d00000,0x0000008565e00000) (1024K)]
  0x000001d27b7766d0 JavaThread "Cleaner-0"                  daemon [_thread_blocked, id=18444, stack(0x0000008567d00000,0x0000008567e00000) (1024K)]
  0x000001d27b776040 JavaThread "Worker-11"                         [_thread_blocked, id=20612, stack(0x0000008566400000,0x0000008566500000) (1024K)]
Total: 35

Other Threads:
  0x000001d2574ce7f0 VMThread "VM Thread"                           [id=19412, stack(0x0000008562e00000,0x0000008562f00000) (1024K)]
  0x000001d25747af30 WatcherThread "VM Periodic Task Thread"        [id=11328, stack(0x0000008562d00000,0x0000008562e00000) (1024K)]
  0x000001d25742c460 WorkerThread "GC Thread#0"                     [id=15940, stack(0x0000008562c00000,0x0000008562d00000) (1024K)]
  0x000001d27456a880 WorkerThread "GC Thread#1"                     [id=7828, stack(0x0000008563b00000,0x0000008563c00000) (1024K)]
  0x000001d27460de00 WorkerThread "GC Thread#2"                     [id=14888, stack(0x0000008563c00000,0x0000008563d00000) (1024K)]
  0x000001d274837980 WorkerThread "GC Thread#3"                     [id=2164, stack(0x0000008563d00000,0x0000008563e00000) (1024K)]
  0x000001d274837d30 WorkerThread "GC Thread#4"                     [id=17680, stack(0x0000008563e00000,0x0000008563f00000) (1024K)]
  0x000001d2744d0d80 WorkerThread "GC Thread#5"                     [id=9428, stack(0x0000008563f00000,0x0000008564000000) (1024K)]
  0x000001d2744d1d50 WorkerThread "GC Thread#6"                     [id=1096, stack(0x0000008564000000,0x0000008564100000) (1024K)]
  0x000001d2746ccf20 WorkerThread "GC Thread#7"                     [id=6500, stack(0x0000008563700000,0x0000008563800000) (1024K)]
Total: 10

Threads with active compile tasks:
Total: 0

VM state: not at safepoint (normal execution)

VM Mutex/Monitor currently owned by a thread: None

Heap address: 0x0000000080000000, size: 2048 MB, Compressed Oops mode: 32-bit

CDS archive(s) mapped at: [0x000001d200000000-0x000001d200ba0000-0x000001d200ba0000), size 12189696, SharedBaseAddress: 0x000001d200000000, ArchiveRelocationMode: 1.
Compressed class space mapped at: 0x000001d201000000-0x000001d241000000, reserved size: 1073741824
Narrow klass base: 0x000001d200000000, Narrow klass shift: 0, Narrow klass range: 0x100000000

GC Precious Log:
 CardTable entry size: 512
 CPUs: 8 total, 8 available
 Memory: 7914M
 Large Page Support: Disabled
 NUMA Support: Disabled
 Compressed Oops: Enabled (32-bit)
 Alignments: Space 512K, Generation 512K, Heap 2M
 Heap Min Capacity: 100M
 Heap Initial Capacity: 100M
 Heap Max Capacity: 2G
 Pre-touch: Disabled
 Parallel Workers: 8

Heap:
 PSYoungGen      total 15872K, used 8663K [0x00000000d5580000, 0x00000000d7180000, 0x0000000100000000)
  eden space 12800K, 45% used [0x00000000d5580000,0x00000000d5b25cb0,0x00000000d6200000)
  from space 3072K, 93% used [0x00000000d6e80000,0x00000000d7150000,0x00000000d7180000)
  to   space 6144K, 0% used [0x00000000d6580000,0x00000000d6580000,0x00000000d6b80000)
 ParOldGen       total 1039872K, used 1039848K [0x0000000080000000, 0x00000000bf780000, 0x00000000d5580000)
  object space 1039872K, 99% used [0x0000000080000000,0x00000000bf77a010,0x00000000bf780000)
 Metaspace       used 89007K, committed 90944K, reserved 1179648K
  class space    used 9140K, committed 10048K, reserved 1048576K

Card table byte_map: [0x000001d256db0000,0x000001d2571c0000] _byte_map_base: 0x000001d2569b0000

Marking Bits: (ParMarkBitMap*) 0x00007fff4d2a4460
 Begin Bits: [0x000001d2698c0000, 0x000001d26b8c0000)
 End Bits:   [0x000001d26b8c0000, 0x000001d26d8c0000)

Polling page: 0x000001d255250000

Metaspace:

Usage:
  Non-class:     78.00 MB used.
      Class:      8.93 MB used.
       Both:     86.92 MB used.

Virtual space:
  Non-class space:      128.00 MB reserved,      79.00 MB ( 62%) committed,  2 nodes.
      Class space:        1.00 GB reserved,       9.81 MB ( <1%) committed,  1 nodes.
             Both:        1.12 GB reserved,      88.81 MB (  8%) committed. 

Chunk freelists:
   Non-Class:  943.00 KB
       Class:  6.12 MB
        Both:  7.04 MB

MaxMetaspaceSize: unlimited
CompressedClassSpaceSize: 1.00 GB
Initial GC threshold: 21.00 MB
Current GC threshold: 137.00 MB
CDS: on
 - commit_granule_bytes: 65536.
 - commit_granule_words: 8192.
 - virtual_space_node_default_size: 8388608.
 - enlarge_chunks_in_place: 1.
 - use_allocation_guard: 0.


Internal statistics:

num_allocs_failed_limit: 9.
num_arena_births: 1606.
num_arena_deaths: 38.
num_vsnodes_births: 3.
num_vsnodes_deaths: 0.
num_space_committed: 1421.
num_space_uncommitted: 0.
num_chunks_returned_to_freelist: 54.
num_chunks_taken_from_freelist: 5804.
num_chunk_merges: 17.
num_chunk_splits: 3552.
num_chunks_enlarged: 2059.
num_inconsistent_stats: 0.

CodeHeap 'non-profiled nmethods': size=120000Kb used=20866Kb max_used=20866Kb free=99133Kb
 bounds [0x000001d2620e0000, 0x000001d263550000, 0x000001d269610000]
CodeHeap 'profiled nmethods': size=120000Kb used=49784Kb max_used=49784Kb free=70216Kb
 bounds [0x000001d25a610000, 0x000001d25d6b0000, 0x000001d261b40000]
CodeHeap 'non-nmethods': size=5760Kb used=1530Kb max_used=1615Kb free=4229Kb
 bounds [0x000001d261b40000, 0x000001d261db0000, 0x000001d2620e0000]
CodeCache: size=245760Kb, used=72180Kb, max_used=72265Kb, free=173578Kb
 total_blobs=20462, nmethods=19619, adapters=744, full_count=0
Compilation: enabled, stopped_count=0, restarted_count=0

Compilation events (20 events):
Event: 5766.934 Thread 0x000001d2573a6df0 21453       4       org.eclipse.core.runtime.SubMonitor::<init> (57 bytes)
Event: 5766.935 Thread 0x000001d2573a6df0 nmethod 21453 0x000001d26353c910 code [0x000001d26353caa0, 0x000001d26353cb70]
Event: 5767.046 Thread 0x000001d2573a9560 21454       3       java.util.concurrent.ConcurrentLinkedQueue::offer (120 bytes)
Event: 5767.053 Thread 0x000001d2573a9560 nmethod 21454 0x000001d25d6a2f10 code [0x000001d25d6a3300, 0x000001d25d6a4f28]
Event: 5767.059 Thread 0x000001d2573a9560 21455       3       org.eclipse.core.internal.events.BuildCommand::getArguments (33 bytes)
Event: 5767.060 Thread 0x000001d2573a9560 nmethod 21455 0x000001d25d6a5910 code [0x000001d25d6a5ae0, 0x000001d25d6a5e98]
Event: 5767.060 Thread 0x000001d2573a9560 21456       3       org.eclipse.core.internal.events.ResourceComparator::compare (383 bytes)
Event: 5767.067 Thread 0x000001d2573a9560 nmethod 21456 0x000001d25d6a5f90 code [0x000001d25d6a63e0, 0x000001d25d6a9870]
Event: 5767.067 Thread 0x000001d2573a9560 21457       3       org.eclipse.core.internal.events.ResourceComparator::compareCharsets (15 bytes)
Event: 5767.067 Thread 0x000001d2573a6df0 21458       4       org.eclipse.core.internal.events.ResourceDeltaFactory::computeNodeIDMap (169 bytes)
Event: 5767.067 Thread 0x000001d2573a9560 nmethod 21457 0x000001d25d6aa210 code [0x000001d25d6aa3c0, 0x000001d25d6aa700]
Event: 5767.105 Thread 0x000001d2573a9560 21460       3       com.sun.org.apache.xerces.internal.impl.XMLScanner::init (91 bytes)
Event: 5767.107 Thread 0x000001d2573a9560 nmethod 21460 0x000001d25d6aa890 code [0x000001d25d6aaaa0, 0x000001d25d6ab358]
Event: 5767.107 Thread 0x000001d2573a9560 21459       3       com.sun.org.apache.xerces.internal.impl.XMLScanner::reset (140 bytes)
Event: 5767.110 Thread 0x000001d2573a9560 nmethod 21459 0x000001d25d6ab610 code [0x000001d25d6ab920, 0x000001d25d6acee0]
Event: 5767.114 Thread 0x000001d2573a9560 21461       1       org.eclipse.jdt.apt.core.internal.AptCompilationParticipant::isAnnotationProcessor (2 bytes)
Event: 5767.114 Thread 0x000001d2573a9560 nmethod 21461 0x000001d26353cc10 code [0x000001d26353cda0, 0x000001d26353ce68]
Event: 5767.119 Thread 0x000001d2573a9560 21462       3       org.eclipse.jdt.internal.core.builder.NameEnvironment::cleanup (73 bytes)
Event: 5767.123 Thread 0x000001d2573a9560 nmethod 21462 0x000001d25d6ad490 code [0x000001d25d6ad6a0, 0x000001d25d6add88]
Event: 5767.125 Thread 0x000001d2573a6df0 nmethod 21458 0x000001d26353cf10 code [0x000001d26353d300, 0x000001d26353f7d8]

GC Heap History (20 events):
Event: 5473.150 GC heap before
{Heap before GC invocations=1377 (full 4):
 PSYoungGen      total 20992K, used 20768K [0x00000000d5580000, 0x00000000d7d80000, 0x0000000100000000)
  eden space 19968K, 100% used [0x00000000d5580000,0x00000000d6900000,0x00000000d6900000)
  from space 1024K, 78% used [0x00000000d7c80000,0x00000000d7d48000,0x00000000d7d80000)
  to   space 1536K, 0% used [0x00000000d7a80000,0x00000000d7a80000,0x00000000d7c00000)
 ParOldGen       total 970240K, used 969862K [0x0000000080000000, 0x00000000bb380000, 0x00000000d5580000)
  object space 970240K, 99% used [0x0000000080000000,0x00000000bb321ac0,0x00000000bb380000)
 Metaspace       used 88665K, committed 90624K, reserved 1179648K
  class space    used 9133K, committed 10048K, reserved 1048576K
}
Event: 5473.154 GC heap after
{Heap after GC invocations=1377 (full 4):
 PSYoungGen      total 21504K, used 1069K [0x00000000d5580000, 0x00000000d7d00000, 0x0000000100000000)
  eden space 19968K, 0% used [0x00000000d5580000,0x00000000d5580000,0x00000000d6900000)
  from space 1536K, 69% used [0x00000000d7a80000,0x00000000d7b8b510,0x00000000d7c00000)
  to   space 1024K, 0% used [0x00000000d7c00000,0x00000000d7c00000,0x00000000d7d00000)
 ParOldGen       total 970752K, used 970508K [0x0000000080000000, 0x00000000bb400000, 0x00000000d5580000)
  object space 970752K, 99% used [0x0000000080000000,0x00000000bb3c31c8,0x00000000bb400000)
 Metaspace       used 88665K, committed 90624K, reserved 1179648K
  class space    used 9133K, committed 10048K, reserved 1048576K
}
Event: 5473.437 GC heap before
{Heap before GC invocations=1378 (full 4):
 PSYoungGen      total 21504K, used 21037K [0x00000000d5580000, 0x00000000d7d00000, 0x0000000100000000)
  eden space 19968K, 100% used [0x00000000d5580000,0x00000000d6900000,0x00000000d6900000)
  from space 1536K, 69% used [0x00000000d7a80000,0x00000000d7b8b510,0x00000000d7c00000)
  to   space 1024K, 0% used [0x00000000d7c00000,0x00000000d7c00000,0x00000000d7d00000)
 ParOldGen       total 970752K, used 970508K [0x0000000080000000, 0x00000000bb400000, 0x00000000d5580000)
  object space 970752K, 99% used [0x0000000080000000,0x00000000bb3c31c8,0x00000000bb400000)
 Metaspace       used 88703K, committed 90624K, reserved 1179648K
  class space    used 9133K, committed 10048K, reserved 1048576K
}
Event: 5473.444 GC heap after
{Heap after GC invocations=1378 (full 4):
 PSYoungGen      total 20992K, used 1024K [0x00000000d5580000, 0x00000000d7d00000, 0x0000000100000000)
  eden space 19968K, 0% used [0x00000000d5580000,0x00000000d5580000,0x00000000d6900000)
  from space 1024K, 100% used [0x00000000d7c00000,0x00000000d7d00000,0x00000000d7d00000)
  to   space 2560K, 0% used [0x00000000d7800000,0x00000000d7800000,0x00000000d7a80000)
 ParOldGen       total 971776K, used 971713K [0x0000000080000000, 0x00000000bb500000, 0x00000000d5580000)
  object space 971776K, 99% used [0x0000000080000000,0x00000000bb4f06e8,0x00000000bb500000)
 Metaspace       used 88703K, committed 90624K, reserved 1179648K
  class space    used 9133K, committed 10048K, reserved 1048576K
}
Event: 5473.628 GC heap before
{Heap before GC invocations=1379 (full 4):
 PSYoungGen      total 20992K, used 20992K [0x00000000d5580000, 0x00000000d7d00000, 0x0000000100000000)
  eden space 19968K, 100% used [0x00000000d5580000,0x00000000d6900000,0x00000000d6900000)
  from space 1024K, 100% used [0x00000000d7c00000,0x00000000d7d00000,0x00000000d7d00000)
  to   space 2560K, 0% used [0x00000000d7800000,0x00000000d7800000,0x00000000d7a80000)
 ParOldGen       total 971776K, used 971713K [0x0000000080000000, 0x00000000bb500000, 0x00000000d5580000)
  object space 971776K, 99% used [0x0000000080000000,0x00000000bb4f06e8,0x00000000bb500000)
 Metaspace       used 88732K, committed 90688K, reserved 1179648K
  class space    used 9134K, committed 10048K, reserved 1048576K
}
Event: 5473.634 GC heap after
{Heap after GC invocations=1379 (full 4):
 PSYoungGen      total 22528K, used 2544K [0x00000000d5580000, 0x00000000d7c80000, 0x0000000100000000)
  eden space 19968K, 0% used [0x00000000d5580000,0x00000000d5580000,0x00000000d6900000)
  from space 2560K, 99% used [0x00000000d7800000,0x00000000d7a7c1e8,0x00000000d7a80000)
  to   space 2048K, 0% used [0x00000000d7a80000,0x00000000d7a80000,0x00000000d7c80000)
 ParOldGen       total 972800K, used 972663K [0x0000000080000000, 0x00000000bb600000, 0x00000000d5580000)
  object space 972800K, 99% used [0x0000000080000000,0x00000000bb5dde38,0x00000000bb600000)
 Metaspace       used 88732K, committed 90688K, reserved 1179648K
  class space    used 9134K, committed 10048K, reserved 1048576K
}
Event: 5473.793 GC heap before
{Heap before GC invocations=1380 (full 4):
 PSYoungGen      total 22528K, used 22512K [0x00000000d5580000, 0x00000000d7c80000, 0x0000000100000000)
  eden space 19968K, 100% used [0x00000000d5580000,0x00000000d6900000,0x00000000d6900000)
  from space 2560K, 99% used [0x00000000d7800000,0x00000000d7a7c1e8,0x00000000d7a80000)
  to   space 2048K, 0% used [0x00000000d7a80000,0x00000000d7a80000,0x00000000d7c80000)
 ParOldGen       total 972800K, used 972663K [0x0000000080000000, 0x00000000bb600000, 0x00000000d5580000)
  object space 972800K, 99% used [0x0000000080000000,0x00000000bb5dde38,0x00000000bb600000)
 Metaspace       used 88762K, committed 90688K, reserved 1179648K
  class space    used 9134K, committed 10048K, reserved 1048576K
}
Event: 5473.798 GC heap after
{Heap after GC invocations=1380 (full 4):
 PSYoungGen      total 22016K, used 2045K [0x00000000d5580000, 0x00000000d7c80000, 0x0000000100000000)
  eden space 19968K, 0% used [0x00000000d5580000,0x00000000d5580000,0x00000000d6900000)
  from space 2048K, 99% used [0x00000000d7a80000,0x00000000d7c7f520,0x00000000d7c80000)
  to   space 6144K, 0% used [0x00000000d7080000,0x00000000d7080000,0x00000000d7680000)
 ParOldGen       total 976384K, used 975894K [0x0000000080000000, 0x00000000bb980000, 0x00000000d5580000)
  object space 976384K, 99% used [0x0000000080000000,0x00000000bb905ad0,0x00000000bb980000)
 Metaspace       used 88762K, committed 90688K, reserved 1179648K
  class space    used 9134K, committed 10048K, reserved 1048576K
}
Event: 5473.977 GC heap before
{Heap before GC invocations=1381 (full 4):
 PSYoungGen      total 22016K, used 22013K [0x00000000d5580000, 0x00000000d7c80000, 0x0000000100000000)
  eden space 19968K, 100% used [0x00000000d5580000,0x00000000d6900000,0x00000000d6900000)
  from space 2048K, 99% used [0x00000000d7a80000,0x00000000d7c7f520,0x00000000d7c80000)
  to   space 6144K, 0% used [0x00000000d7080000,0x00000000d7080000,0x00000000d7680000)
 ParOldGen       total 976384K, used 975894K [0x0000000080000000, 0x00000000bb980000, 0x00000000d5580000)
  object space 976384K, 99% used [0x0000000080000000,0x00000000bb905ad0,0x00000000bb980000)
 Metaspace       used 88764K, committed 90688K, reserved 1179648K
  class space    used 9134K, committed 10048K, reserved 1048576K
}
Event: 5473.984 GC heap after
{Heap after GC invocations=1381 (full 4):
 PSYoungGen      total 26112K, used 1424K [0x00000000d5580000, 0x00000000d7b00000, 0x0000000100000000)
  eden space 19968K, 0% used [0x00000000d5580000,0x00000000d5580000,0x00000000d6900000)
  from space 6144K, 23% used [0x00000000d7080000,0x00000000d71e4050,0x00000000d7680000)
  to   space 3072K, 0% used [0x00000000d7800000,0x00000000d7800000,0x00000000d7b00000)
 ParOldGen       total 978432K, used 977952K [0x0000000080000000, 0x00000000bbb80000, 0x00000000d5580000)
  object space 978432K, 99% used [0x0000000080000000,0x00000000bbb08140,0x00000000bbb80000)
 Metaspace       used 88764K, committed 90688K, reserved 1179648K
  class space    used 9134K, committed 10048K, reserved 1048576K
}
Event: 5474.180 GC heap before
{Heap before GC invocations=1382 (full 4):
 PSYoungGen      total 26112K, used 21392K [0x00000000d5580000, 0x00000000d7b00000, 0x0000000100000000)
  eden space 19968K, 100% used [0x00000000d5580000,0x00000000d6900000,0x00000000d6900000)
  from space 6144K, 23% used [0x00000000d7080000,0x00000000d71e4050,0x00000000d7680000)
  to   space 3072K, 0% used [0x00000000d7800000,0x00000000d7800000,0x00000000d7b00000)
 ParOldGen       total 978432K, used 977952K [0x0000000080000000, 0x00000000bbb80000, 0x00000000d5580000)
  object space 978432K, 99% used [0x0000000080000000,0x00000000bbb08140,0x00000000bbb80000)
 Metaspace       used 88807K, committed 90752K, reserved 1179648K
  class space    used 9134K, committed 10048K, reserved 1048576K
}
Event: 5474.187 GC heap after
{Heap after GC invocations=1382 (full 4):
 PSYoungGen      total 23040K, used 2736K [0x00000000d5580000, 0x00000000d7b00000, 0x0000000100000000)
  eden space 19968K, 0% used [0x00000000d5580000,0x00000000d5580000,0x00000000d6900000)
  from space 3072K, 89% used [0x00000000d7800000,0x00000000d7aac1c8,0x00000000d7b00000)
  to   space 3072K, 0% used [0x00000000d7500000,0x00000000d7500000,0x00000000d7800000)
 ParOldGen       total 979456K, used 979157K [0x0000000080000000, 0x00000000bbc80000, 0x00000000d5580000)
  object space 979456K, 99% used [0x0000000080000000,0x00000000bbc35720,0x00000000bbc80000)
 Metaspace       used 88807K, committed 90752K, reserved 1179648K
  class space    used 9134K, committed 10048K, reserved 1048576K
}
Event: 5474.497 GC heap before
{Heap before GC invocations=1383 (full 4):
 PSYoungGen      total 23040K, used 22704K [0x00000000d5580000, 0x00000000d7b00000, 0x0000000100000000)
  eden space 19968K, 100% used [0x00000000d5580000,0x00000000d6900000,0x00000000d6900000)
  from space 3072K, 89% used [0x00000000d7800000,0x00000000d7aac1c8,0x00000000d7b00000)
  to   space 3072K, 0% used [0x00000000d7500000,0x00000000d7500000,0x00000000d7800000)
 ParOldGen       total 979456K, used 979157K [0x0000000080000000, 0x00000000bbc80000, 0x00000000d5580000)
  object space 979456K, 99% used [0x0000000080000000,0x00000000bbc35720,0x00000000bbc80000)
 Metaspace       used 88950K, committed 90880K, reserved 1179648K
  class space    used 9137K, committed 10048K, reserved 1048576K
}
Event: 5474.507 GC heap after
{Heap after GC invocations=1383 (full 4):
 PSYoungGen      total 23040K, used 3040K [0x00000000d5580000, 0x00000000d7880000, 0x0000000100000000)
  eden space 19968K, 0% used [0x00000000d5580000,0x00000000d5580000,0x00000000d6900000)
  from space 3072K, 98% used [0x00000000d7500000,0x00000000d77f8000,0x00000000d7800000)
  to   space 512K, 0% used [0x00000000d7800000,0x00000000d7800000,0x00000000d7880000)
 ParOldGen       total 981504K, used 981183K [0x0000000080000000, 0x00000000bbe80000, 0x00000000d5580000)
  object space 981504K, 99% used [0x0000000080000000,0x00000000bbe2fd70,0x00000000bbe80000)
 Metaspace       used 88950K, committed 90880K, reserved 1179648K
  class space    used 9137K, committed 10048K, reserved 1048576K
}
Event: 5475.650 GC heap before
{Heap before GC invocations=1384 (full 4):
 PSYoungGen      total 23040K, used 22978K [0x00000000d5580000, 0x00000000d7880000, 0x0000000100000000)
  eden space 19968K, 99% used [0x00000000d5580000,0x00000000d68f8a50,0x00000000d6900000)
  from space 3072K, 98% used [0x00000000d7500000,0x00000000d77f8000,0x00000000d7800000)
  to   space 512K, 0% used [0x00000000d7800000,0x00000000d7800000,0x00000000d7880000)
 ParOldGen       total 981504K, used 981183K [0x0000000080000000, 0x00000000bbe80000, 0x00000000d5580000)
  object space 981504K, 99% used [0x0000000080000000,0x00000000bbe2fd70,0x00000000bbe80000)
 Metaspace       used 88955K, committed 90880K, reserved 1179648K
  class space    used 9137K, committed 10048K, reserved 1048576K
}
Event: 5475.688 GC heap after
{Heap after GC invocations=1384 (full 4):
 PSYoungGen      total 13312K, used 512K [0x00000000d5580000, 0x00000000d9500000, 0x0000000100000000)
  eden space 12800K, 0% used [0x00000000d5580000,0x00000000d5580000,0x00000000d6200000)
  from space 512K, 100% used [0x00000000d7800000,0x00000000d7880000,0x00000000d7880000)
  to   space 22528K, 0% used [0x00000000d6200000,0x00000000d6200000,0x00000000d7800000)
 ParOldGen       total 999936K, used 999933K [0x0000000080000000, 0x00000000bd080000, 0x00000000d5580000)
  object space 999936K, 99% used [0x0000000080000000,0x00000000bd07f6e8,0x00000000bd080000)
 Metaspace       used 88955K, committed 90880K, reserved 1179648K
  class space    used 9137K, committed 10048K, reserved 1048576K
}
Event: 5475.869 GC heap before
{Heap before GC invocations=1385 (full 4):
 PSYoungGen      total 13312K, used 13312K [0x00000000d5580000, 0x00000000d9500000, 0x0000000100000000)
  eden space 12800K, 100% used [0x00000000d5580000,0x00000000d6200000,0x00000000d6200000)
  from space 512K, 100% used [0x00000000d7800000,0x00000000d7880000,0x00000000d7880000)
  to   space 22528K, 0% used [0x00000000d6200000,0x00000000d6200000,0x00000000d7800000)
 ParOldGen       total 999936K, used 999933K [0x0000000080000000, 0x00000000bd080000, 0x00000000d5580000)
  object space 999936K, 99% used [0x0000000080000000,0x00000000bd07f6e8,0x00000000bd080000)
 Metaspace       used 88955K, committed 90880K, reserved 1179648K
  class space    used 9137K, committed 10048K, reserved 1048576K
}
Event: 5475.983 GC heap after
{Heap after GC invocations=1385 (full 4):
 PSYoungGen      total 21504K, used 8687K [0x00000000d5580000, 0x00000000d7b00000, 0x0000000100000000)
  eden space 12800K, 0% used [0x00000000d5580000,0x00000000d5580000,0x00000000d6200000)
  from space 8704K, 99% used [0x00000000d6200000,0x00000000d6a7bf80,0x00000000d6a80000)
  to   space 12800K, 0% used [0x00000000d6e80000,0x00000000d6e80000,0x00000000d7b00000)
 ParOldGen       total 1000960K, used 1000456K [0x0000000080000000, 0x00000000bd180000, 0x00000000d5580000)
  object space 1000960K, 99% used [0x0000000080000000,0x00000000bd102060,0x00000000bd180000)
 Metaspace       used 88955K, committed 90880K, reserved 1179648K
  class space    used 9137K, committed 10048K, reserved 1048576K
}
Event: 5481.167 GC heap before
{Heap before GC invocations=1386 (full 4):
 PSYoungGen      total 21504K, used 21487K [0x00000000d5580000, 0x00000000d7b00000, 0x0000000100000000)
  eden space 12800K, 100% used [0x00000000d5580000,0x00000000d6200000,0x00000000d6200000)
  from space 8704K, 99% used [0x00000000d6200000,0x00000000d6a7bf80,0x00000000d6a80000)
  to   space 12800K, 0% used [0x00000000d6e80000,0x00000000d6e80000,0x00000000d7b00000)
 ParOldGen       total 1032704K, used 1031176K [0x0000000080000000, 0x00000000bf080000, 0x00000000d5580000)
  object space 1032704K, 99% used [0x0000000080000000,0x00000000bef02090,0x00000000bf080000)
 Metaspace       used 88983K, committed 90880K, reserved 1179648K
  class space    used 9138K, committed 10048K, reserved 1048576K
}
Event: 5481.177 GC heap after
{Heap after GC invocations=1386 (full 4):
 PSYoungGen      total 15872K, used 2880K [0x00000000d5580000, 0x00000000d7180000, 0x0000000100000000)
  eden space 12800K, 0% used [0x00000000d5580000,0x00000000d5580000,0x00000000d6200000)
  from space 3072K, 93% used [0x00000000d6e80000,0x00000000d7150000,0x00000000d7180000)
  to   space 6144K, 0% used [0x00000000d6580000,0x00000000d6580000,0x00000000d6b80000)
 ParOldGen       total 1039872K, used 1039848K [0x0000000080000000, 0x00000000bf780000, 0x00000000d5580000)
  object space 1039872K, 99% used [0x0000000080000000,0x00000000bf77a010,0x00000000bf780000)
 Metaspace       used 88983K, committed 90880K, reserved 1179648K
  class space    used 9138K, committed 10048K, reserved 1048576K
}

Dll operation events (14 events):
Event: 0.007 Loaded shared library c:\Users\Admin\.vscode\extensions\redhat.java-1.55.0-win32-x64\jre\21.0.11-win32-x86_64\bin\java.dll
Event: 0.097 Loaded shared library c:\Users\Admin\.vscode\extensions\redhat.java-1.55.0-win32-x64\jre\21.0.11-win32-x86_64\bin\zip.dll
Event: 0.137 Loaded shared library C:\Users\Admin\.vscode\extensions\redhat.java-1.55.0-win32-x64\jre\21.0.11-win32-x86_64\bin\instrument.dll
Event: 0.149 Loaded shared library C:\Users\Admin\.vscode\extensions\redhat.java-1.55.0-win32-x64\jre\21.0.11-win32-x86_64\bin\net.dll
Event: 0.156 Loaded shared library C:\Users\Admin\.vscode\extensions\redhat.java-1.55.0-win32-x64\jre\21.0.11-win32-x86_64\bin\nio.dll
Event: 0.158 Loaded shared library C:\Users\Admin\.vscode\extensions\redhat.java-1.55.0-win32-x64\jre\21.0.11-win32-x86_64\bin\zip.dll
Event: 0.197 Loaded shared library C:\Users\Admin\.vscode\extensions\redhat.java-1.55.0-win32-x64\jre\21.0.11-win32-x86_64\bin\jimage.dll
Event: 0.370 Loaded shared library c:\Users\Admin\.vscode\extensions\redhat.java-1.55.0-win32-x64\jre\21.0.11-win32-x86_64\bin\verify.dll
Event: 10.052 Loaded shared library C:\Users\Admin\AppData\Roaming\Code\User\globalStorage\redhat.java\1.55.0\config_win\org.eclipse.equinox.launcher\org.eclipse.equinox.launcher.win32.win32.x86_64_1.3.100.v20260613-0559\eclipse_11924.dll
Event: 32.406 Loaded shared library C:\Users\Admin\.vscode\extensions\redhat.java-1.55.0-win32-x64\jre\21.0.11-win32-x86_64\bin\management.dll
Event: 32.412 Loaded shared library C:\Users\Admin\.vscode\extensions\redhat.java-1.55.0-win32-x64\jre\21.0.11-win32-x86_64\bin\management_ext.dll
Event: 34.185 Loaded shared library C:\Users\Admin\AppData\Local\Temp\jna-63116079\jna17519468380609801003.dll
Event: 35.061 Loaded shared library C:\Users\Admin\.vscode\extensions\redhat.java-1.55.0-win32-x64\jre\21.0.11-win32-x86_64\bin\sunmscapi.dll
Event: 35.698 Loaded shared library C:\Users\Admin\.vscode\extensions\redhat.java-1.55.0-win32-x64\jre\21.0.11-win32-x86_64\bin\extnet.dll

Deoptimization events (20 events):
Event: 5766.898 Thread 0x000001d27b776040 Uncommon trap: trap_request=0xffffff45 fr.pc=0x000001d2623865b8 relative=0x00000000000002b8
Event: 5766.898 Thread 0x000001d27b776040 Uncommon trap: reason=unstable_if action=reinterpret pc=0x000001d2623865b8 method=org.eclipse.core.internal.dtree.DeltaDataTree.getData(Lorg/eclipse/core/runtime/IPath;)Ljava/lang/Object; @ 56 c2
Event: 5766.898 Thread 0x000001d27b776040 DEOPT PACKING pc=0x000001d2623865b8 sp=0x00000085664feca0
Event: 5766.898 Thread 0x000001d27b776040 DEOPT UNPACKING pc=0x000001d261b96da2 sp=0x00000085664fec38 mode 2
Event: 5767.063 Thread 0x000001d27b776040 Uncommon trap: trap_request=0xffffffd6 fr.pc=0x000001d2635269f4 relative=0x00000000000013f4
Event: 5767.063 Thread 0x000001d27b776040 Uncommon trap: reason=array_check action=maybe_recompile pc=0x000001d2635269f4 method=org.eclipse.core.internal.events.NodeIDMap.put(JLorg/eclipse/core/runtime/IPath;Lorg/eclipse/core/runtime/IPath;)V @ 99 c2
Event: 5767.063 Thread 0x000001d27b776040 DEOPT PACKING pc=0x000001d2635269f4 sp=0x00000085664fe6e0
Event: 5767.063 Thread 0x000001d27b776040 DEOPT UNPACKING pc=0x000001d261b96da2 sp=0x00000085664fe550 mode 2
Event: 5767.063 Thread 0x000001d27b776040 Uncommon trap: trap_request=0xffffffd6 fr.pc=0x000001d2635269f4 relative=0x00000000000013f4
Event: 5767.063 Thread 0x000001d27b776040 Uncommon trap: reason=array_check action=maybe_recompile pc=0x000001d2635269f4 method=org.eclipse.core.internal.events.NodeIDMap.put(JLorg/eclipse/core/runtime/IPath;Lorg/eclipse/core/runtime/IPath;)V @ 99 c2
Event: 5767.063 Thread 0x000001d27b776040 DEOPT PACKING pc=0x000001d2635269f4 sp=0x00000085664fe610
Event: 5767.063 Thread 0x000001d27b776040 DEOPT UNPACKING pc=0x000001d261b96da2 sp=0x00000085664fe490 mode 2
Event: 5767.063 Thread 0x000001d27b776040 Uncommon trap: trap_request=0xffffffd6 fr.pc=0x000001d263527110 relative=0x0000000000001b10
Event: 5767.063 Thread 0x000001d27b776040 Uncommon trap: reason=array_check action=maybe_recompile pc=0x000001d263527110 method=org.eclipse.core.internal.events.NodeIDMap.put(JLorg/eclipse/core/runtime/IPath;Lorg/eclipse/core/runtime/IPath;)V @ 225 c2
Event: 5767.063 Thread 0x000001d27b776040 DEOPT PACKING pc=0x000001d263527110 sp=0x00000085664fe550
Event: 5767.063 Thread 0x000001d27b776040 DEOPT UNPACKING pc=0x000001d261b96da2 sp=0x00000085664fe3d0 mode 2
Event: 5767.063 Thread 0x000001d27b776040 Uncommon trap: trap_request=0xffffffd6 fr.pc=0x000001d2635269f4 relative=0x00000000000013f4
Event: 5767.063 Thread 0x000001d27b776040 Uncommon trap: reason=array_check action=maybe_recompile pc=0x000001d2635269f4 method=org.eclipse.core.internal.events.NodeIDMap.put(JLorg/eclipse/core/runtime/IPath;Lorg/eclipse/core/runtime/IPath;)V @ 99 c2
Event: 5767.063 Thread 0x000001d27b776040 DEOPT PACKING pc=0x000001d2635269f4 sp=0x00000085664fe490
Event: 5767.063 Thread 0x000001d27b776040 DEOPT UNPACKING pc=0x000001d261b96da2 sp=0x00000085664fe310 mode 2

Classes loaded (20 events):
Event: 316.794 Loading class jdk/internal/module/IllegalAccessLogger
Event: 316.794 Loading class jdk/internal/module/IllegalAccessLogger done
Event: 327.338 Loading class java/util/stream/ReferencePipeline$15
Event: 327.339 Loading class java/util/stream/ReferencePipeline$15 done
Event: 327.341 Loading class java/util/stream/ReferencePipeline$15$1
Event: 327.342 Loading class java/util/stream/ReferencePipeline$15$1 done
Event: 327.481 Loading class java/util/HashMap$EntrySpliterator
Event: 327.482 Loading class java/util/HashMap$EntrySpliterator done
Event: 426.264 Loading class jdk/internal/module/IllegalAccessLogger
Event: 426.264 Loading class jdk/internal/module/IllegalAccessLogger done
Event: 427.947 Loading class jdk/internal/module/IllegalAccessLogger
Event: 427.947 Loading class jdk/internal/module/IllegalAccessLogger done
Event: 452.826 Loading class jdk/internal/module/IllegalAccessLogger
Event: 452.826 Loading class jdk/internal/module/IllegalAccessLogger done
Event: 5467.824 Loading class javax/xml/transform/TransformerConfigurationException
Event: 5467.878 Loading class javax/xml/transform/TransformerConfigurationException done
Event: 5766.837 Loading class java/util/stream/Nodes$ToArrayTask$OfRef
Event: 5766.849 Loading class java/util/stream/Nodes$ToArrayTask
Event: 5766.851 Loading class java/util/stream/Nodes$ToArrayTask done
Event: 5766.852 Loading class java/util/stream/Nodes$ToArrayTask$OfRef done

Classes unloaded (19 events):
Event: 33.168 Thread 0x000001d2574ce7f0 Unloading class 0x000001d2011a5000 'java/lang/invoke/LambdaForm$MH+0x000001d2011a5000'
Event: 33.168 Thread 0x000001d2574ce7f0 Unloading class 0x000001d2011a4c00 'java/lang/invoke/LambdaForm$MH+0x000001d2011a4c00'
Event: 33.168 Thread 0x000001d2574ce7f0 Unloading class 0x000001d2011a4800 'java/lang/invoke/LambdaForm$MH+0x000001d2011a4800'
Event: 33.168 Thread 0x000001d2574ce7f0 Unloading class 0x000001d2011a4400 'java/lang/invoke/LambdaForm$MH+0x000001d2011a4400'
Event: 33.168 Thread 0x000001d2574ce7f0 Unloading class 0x000001d2011a4000 'java/lang/invoke/LambdaForm$BMH+0x000001d2011a4000'
Event: 33.168 Thread 0x000001d2574ce7f0 Unloading class 0x000001d2011a3c00 'java/lang/invoke/LambdaForm$DMH+0x000001d2011a3c00'
Event: 33.168 Thread 0x000001d2574ce7f0 Unloading class 0x000001d2011a2800 'java/lang/invoke/LambdaForm$DMH+0x000001d2011a2800'
Event: 34.533 Thread 0x000001d2574ce7f0 Unloading class 0x000001d201317400 'java/lang/invoke/LambdaForm$MH+0x000001d201317400'
Event: 34.533 Thread 0x000001d2574ce7f0 Unloading class 0x000001d201316c00 'java/lang/invoke/LambdaForm$MH+0x000001d201316c00'
Event: 34.533 Thread 0x000001d2574ce7f0 Unloading class 0x000001d201316800 'java/lang/invoke/LambdaForm$DMH+0x000001d201316800'
Event: 34.533 Thread 0x000001d2574ce7f0 Unloading class 0x000001d201312400 'java/lang/invoke/LambdaForm$MH+0x000001d201312400'
Event: 34.533 Thread 0x000001d2574ce7f0 Unloading class 0x000001d201312000 'java/lang/invoke/LambdaForm$MH+0x000001d201312000'
Event: 34.533 Thread 0x000001d2574ce7f0 Unloading class 0x000001d201311800 'java/lang/invoke/LambdaForm$MH+0x000001d201311800'
Event: 34.533 Thread 0x000001d2574ce7f0 Unloading class 0x000001d201310c00 'java/lang/invoke/LambdaForm$MH+0x000001d201310c00'
Event: 34.533 Thread 0x000001d2574ce7f0 Unloading class 0x000001d201310400 'java/lang/invoke/LambdaForm$MH+0x000001d201310400'
Event: 49.130 Thread 0x000001d2574ce7f0 Unloading class 0x000001d20168d800 'java/lang/invoke/LambdaForm$DMH+0x000001d20168d800'
Event: 49.130 Thread 0x000001d2574ce7f0 Unloading class 0x000001d20168cc00 'java/lang/invoke/LambdaForm$DMH+0x000001d20168cc00'
Event: 49.130 Thread 0x000001d2574ce7f0 Unloading class 0x000001d20168c800 'java/lang/invoke/LambdaForm$DMH+0x000001d20168c800'
Event: 49.130 Thread 0x000001d2574ce7f0 Unloading class 0x000001d20168d000 'java/lang/invoke/LambdaForm$DMH+0x000001d20168d000'

Classes redefined (0 events):
No events

Internal exceptions (20 events):
Event: 5472.952 Thread 0x000001d27626e2c0 Exception <a 'sun/nio/fs/WindowsException'{0x00000000d64dc4b0}> (0x00000000d64dc4b0) 
thrown [s\src\hotspot\share\prims\jni.cpp, line 520]
Event: 5472.992 Thread 0x000001d27626e2c0 Exception <a 'sun/nio/fs/WindowsException'{0x00000000d65c7cb8}> (0x00000000d65c7cb8) 
thrown [s\src\hotspot\share\prims\jni.cpp, line 520]
Event: 5473.088 Thread 0x000001d27626e2c0 Exception <a 'sun/nio/fs/WindowsException'{0x00000000d66ad1c0}> (0x00000000d66ad1c0) 
thrown [s\src\hotspot\share\prims\jni.cpp, line 520]
Event: 5473.139 Thread 0x000001d27626e2c0 Exception <a 'sun/nio/fs/WindowsException'{0x00000000d685d6b8}> (0x00000000d685d6b8) 
thrown [s\src\hotspot\share\prims\jni.cpp, line 520]
Event: 5473.180 Thread 0x000001d27626e2c0 Exception <a 'sun/nio/fs/WindowsException'{0x00000000d562c0e8}> (0x00000000d562c0e8) 
thrown [s\src\hotspot\share\prims\jni.cpp, line 520]
Event: 5473.219 Thread 0x000001d27626e2c0 Exception <a 'sun/nio/fs/WindowsException'{0x00000000d5828c88}> (0x00000000d5828c88) 
thrown [s\src\hotspot\share\prims\jni.cpp, line 520]
Event: 5473.318 Thread 0x000001d27626e2c0 Exception <a 'sun/nio/fs/WindowsException'{0x00000000d5f0ab90}> (0x00000000d5f0ab90) 
thrown [s\src\hotspot\share\prims\jni.cpp, line 520]
Event: 5473.404 Thread 0x000001d27626e2c0 Exception <a 'sun/nio/fs/WindowsException'{0x00000000d65420c0}> (0x00000000d65420c0) 
thrown [s\src\hotspot\share\prims\jni.cpp, line 520]
Event: 5473.449 Thread 0x000001d27626e2c0 Exception <a 'sun/nio/fs/WindowsException'{0x00000000d56c4a80}> (0x00000000d56c4a80) 
thrown [s\src\hotspot\share\prims\jni.cpp, line 520]
Event: 5473.494 Thread 0x000001d27626e2c0 Exception <a 'sun/nio/fs/WindowsException'{0x00000000d5bf2008}> (0x00000000d5bf2008) 
thrown [s\src\hotspot\share\prims\jni.cpp, line 520]
Event: 5473.539 Thread 0x000001d27626e2c0 Exception <a 'sun/nio/fs/WindowsException'{0x00000000d6425dd0}> (0x00000000d6425dd0) 
thrown [s\src\hotspot\share\prims\jni.cpp, line 520]
Event: 5473.580 Thread 0x000001d27626e2c0 Exception <a 'sun/nio/fs/WindowsException'{0x00000000d6802b18}> (0x00000000d6802b18) 
thrown [s\src\hotspot\share\prims\jni.cpp, line 520]
Event: 5473.651 Thread 0x000001d27626e2c0 Exception <a 'sun/nio/fs/WindowsException'{0x00000000d573c4b8}> (0x00000000d573c4b8) 
thrown [s\src\hotspot\share\prims\jni.cpp, line 520]
Event: 5473.706 Thread 0x000001d27626e2c0 Exception <a 'sun/nio/fs/WindowsException'{0x00000000d639ce60}> (0x00000000d639ce60) 
thrown [s\src\hotspot\share\prims\jni.cpp, line 520]
Event: 5473.765 Thread 0x000001d27626e2c0 Exception <a 'sun/nio/fs/WindowsException'{0x00000000d678cf30}> (0x00000000d678cf30) 
thrown [s\src\hotspot\share\prims\jni.cpp, line 520]
Event: 5475.522 Thread 0x000001d27424c950 Exception <a 'sun/nio/fs/WindowsException'{0x00000000d5943678}> (0x00000000d5943678) 
thrown [s\src\hotspot\share\prims\jni.cpp, line 520]
Event: 5476.468 Thread 0x000001d27424c950 Exception <a 'sun/nio/fs/WindowsException'{0x00000000d5916300}> (0x00000000d5916300) 
thrown [s\src\hotspot\share\prims\jni.cpp, line 520]
Event: 5480.238 Thread 0x000001d27424af10 Implicit null exception at 0x000001d263329f4d to 0x000001d26332b384
Event: 5766.804 Thread 0x000001d27b776040 Exception <a 'sun/nio/fs/WindowsException'{0x00000000d59026d8}> (0x00000000d59026d8) 
thrown [s\src\hotspot\share\prims\jni.cpp, line 520]
Event: 5766.829 Thread 0x000001d27b776040 Exception <a 'sun/nio/fs/WindowsException'{0x00000000d59030c0}> (0x00000000d59030c0) 
thrown [s\src\hotspot\share\prims\jni.cpp, line 520]

ZGC Phase Switch (0 events):
No events

VM Operations (20 events):
Event: 5535.016 Executing safepoint VM operation: Cleanup
Event: 5535.016 Executing safepoint VM operation: Cleanup done
Event: 5593.168 Executing non-safepoint VM operation: HandshakeAllThreads (HandshakeForDeflation)
Event: 5593.168 Executing non-safepoint VM operation: HandshakeAllThreads (HandshakeForDeflation) done
Event: 5593.168 Executing non-safepoint VM operation: RendezvousGCThreads
Event: 5593.168 Executing non-safepoint VM operation: RendezvousGCThreads done
Event: 5766.875 Executing safepoint VM operation: Cleanup
Event: 5766.875 Executing safepoint VM operation: Cleanup done
Event: 5767.876 Executing safepoint VM operation: Cleanup
Event: 5767.876 Executing safepoint VM operation: Cleanup done
Event: 5773.607 Executing non-safepoint VM operation: HandshakeAllThreads (HandshakeForDeflation)
Event: 5773.607 Executing non-safepoint VM operation: HandshakeAllThreads (HandshakeForDeflation) done
Event: 5773.607 Executing non-safepoint VM operation: RendezvousGCThreads
Event: 5773.607 Executing non-safepoint VM operation: RendezvousGCThreads done
Event: 5774.622 Executing safepoint VM operation: Cleanup
Event: 5774.622 Executing safepoint VM operation: Cleanup done
Event: 5833.685 Executing non-safepoint VM operation: HandshakeAllThreads (HandshakeForDeflation)
Event: 5833.797 Executing non-safepoint VM operation: HandshakeAllThreads (HandshakeForDeflation) done
Event: 5833.797 Executing non-safepoint VM operation: RendezvousGCThreads
Event: 5833.797 Executing non-safepoint VM operation: RendezvousGCThreads done

Memory protections (0 events):
No events

Nmethod flushes (20 events):
Event: 203.084 Thread 0x000001d2574ce7f0 flushing  nmethod 0x000001d25b75e390
Event: 203.084 Thread 0x000001d2574ce7f0 flushing  nmethod 0x000001d25b7ac990
Event: 203.084 Thread 0x000001d2574ce7f0 flushing  nmethod 0x000001d25b7dff90
Event: 203.084 Thread 0x000001d2574ce7f0 flushing  nmethod 0x000001d25b809c90
Event: 203.084 Thread 0x000001d2574ce7f0 flushing  nmethod 0x000001d25b829590
Event: 203.084 Thread 0x000001d2574ce7f0 flushing  nmethod 0x000001d25b82a610
Event: 203.084 Thread 0x000001d2574ce7f0 flushing  nmethod 0x000001d25b82aa90
Event: 203.085 Thread 0x000001d2574ce7f0 flushing  nmethod 0x000001d25b82c410
Event: 203.085 Thread 0x000001d2574ce7f0 flushing  nmethod 0x000001d25b84ee90
Event: 203.085 Thread 0x000001d2574ce7f0 flushing  nmethod 0x000001d25b84f610
Event: 203.085 Thread 0x000001d2574ce7f0 flushing  nmethod 0x000001d25b874790
Event: 203.085 Thread 0x000001d2574ce7f0 flushing  nmethod 0x000001d25b874c10
Event: 203.085 Thread 0x000001d2574ce7f0 flushing  nmethod 0x000001d25b875390
Event: 203.085 Thread 0x000001d2574ce7f0 flushing  nmethod 0x000001d25b88ce90
Event: 203.085 Thread 0x000001d2574ce7f0 flushing  nmethod 0x000001d25b88ea10
Event: 203.085 Thread 0x000001d2574ce7f0 flushing  nmethod 0x000001d25b896690
Event: 203.085 Thread 0x000001d2574ce7f0 flushing  nmethod 0x000001d25b8eb610
Event: 203.085 Thread 0x000001d2574ce7f0 flushing  nmethod 0x000001d25b8ff290
Event: 203.085 Thread 0x000001d2574ce7f0 flushing  nmethod 0x000001d25b927390
Event: 203.085 Thread 0x000001d2574ce7f0 flushing  nmethod 0x000001d25b93ae10

Events (20 events):
Event: 5534.518 Thread 0x000001d27b772530 Thread exited: 0x000001d27b772530
Event: 5537.947 Thread 0x000001d27b7738e0 Thread exited: 0x000001d27b7738e0
Event: 5541.206 Thread 0x000001d27424af10 Thread exited: 0x000001d27424af10
Event: 5588.671 Thread 0x000001d2779adcf0 Thread exited: 0x000001d2779adcf0
Event: 5591.967 Thread 0x000001d2779a7a80 Thread exited: 0x000001d2779a7a80
Event: 5651.975 Thread 0x000001d2779aa870 Thread exited: 0x000001d2779aa870
Event: 5711.980 Thread 0x000001d2779aa1e0 Thread exited: 0x000001d2779aa1e0
Event: 5766.436 Thread 0x000001d27b776040 Thread added: 0x000001d276274530
Event: 5766.440 Thread 0x000001d276274530 Thread exited: 0x000001d276274530
Event: 5766.833 Thread 0x000001d27b776040 Thread added: 0x000001d276273180
Event: 5766.834 Thread 0x000001d276273180 Thread added: 0x000001d276274530
Event: 5766.853 Thread 0x000001d276273180 Thread exited: 0x000001d276273180
Event: 5766.853 Thread 0x000001d276274530 Thread exited: 0x000001d276274530
Event: 5771.938 Thread 0x000001d2779aaf00 Thread exited: 0x000001d2779aaf00
Event: 5774.016 Thread 0x000001d27b7759b0 Thread exited: 0x000001d27b7759b0
Event: 5774.016 Thread 0x000001d2779abc20 Thread exited: 0x000001d2779abc20
Event: 5774.016 Thread 0x000001d2779ac940 Thread exited: 0x000001d2779ac940
Event: 5774.016 Thread 0x000001d2779ab590 Thread exited: 0x000001d2779ab590
Event: 5774.030 Thread 0x000001d27b774600 Thread exited: 0x000001d27b774600
Event: 5774.031 Thread 0x000001d2779ae380 Thread exited: 0x000001d2779ae380


Dynamic libraries:
0x00007ff7c8ad0000 - 0x00007ff7c8ade000 	c:\Users\Admin\.vscode\extensions\redhat.java-1.55.0-win32-x64\jre\21.0.11-win32-x86_64\bin\java.exe
0x00007ff821260000 - 0x00007ff8214c6000 	C:\WINDOWS\SYSTEM32\ntdll.dll
0x00007ff820560000 - 0x00007ff820629000 	C:\WINDOWS\System32\KERNEL32.DLL
0x00007ff81e900000 - 0x00007ff81ecfe000 	C:\WINDOWS\System32\KERNELBASE.dll
0x00007ff81e5f0000 - 0x00007ff81e73c000 	C:\WINDOWS\System32\ucrtbase.dll
0x00007ffff5710000 - 0x00007ffff5728000 	c:\Users\Admin\.vscode\extensions\redhat.java-1.55.0-win32-x64\jre\21.0.11-win32-x86_64\bin\jli.dll
0x00007ffff5e10000 - 0x00007ffff5e2e000 	c:\Users\Admin\.vscode\extensions\redhat.java-1.55.0-win32-x64\jre\21.0.11-win32-x86_64\bin\VCRUNTIME140.dll
0x00007ff81ef90000 - 0x00007ff81f157000 	C:\WINDOWS\System32\USER32.dll
0x00007fffff420000 - 0x00007fffff6b2000 	C:\WINDOWS\WinSxS\amd64_microsoft.windows.common-controls_6595b64144ccf1df_6.0.26100.8875_none_3e0d5d42e32fe9dd\COMCTL32.dll
0x00007ff81e750000 - 0x00007ff81e777000 	C:\WINDOWS\System32\win32u.dll
0x00007ff820630000 - 0x00007ff8206d9000 	C:\WINDOWS\System32\msvcrt.dll
0x00007ff820530000 - 0x00007ff82055b000 	C:\WINDOWS\System32\GDI32.dll
0x00007ff81ee60000 - 0x00007ff81ef8a000 	C:\WINDOWS\System32\gdi32full.dll
0x00007ff81e540000 - 0x00007ff81e5e3000 	C:\WINDOWS\System32\msvcp_win.dll
0x00007ff81f180000 - 0x00007ff81f1b2000 	C:\WINDOWS\System32\IMM32.DLL
0x00007ff812cb0000 - 0x00007ff812cbc000 	c:\Users\Admin\.vscode\extensions\redhat.java-1.55.0-win32-x64\jre\21.0.11-win32-x86_64\bin\vcruntime140_1.dll
0x00007ffff35f0000 - 0x00007ffff367d000 	c:\Users\Admin\.vscode\extensions\redhat.java-1.55.0-win32-x64\jre\21.0.11-win32-x86_64\bin\msvcp140.dll
0x00007fff4c5e0000 - 0x00007fff4d382000 	c:\Users\Admin\.vscode\extensions\redhat.java-1.55.0-win32-x64\jre\21.0.11-win32-x86_64\bin\server\jvm.dll
0x00007ff81f520000 - 0x00007ff81f5d7000 	C:\WINDOWS\System32\ADVAPI32.dll
0x00007ff81f790000 - 0x00007ff81f83a000 	C:\WINDOWS\System32\sechost.dll
0x00007ff81f5e0000 - 0x00007ff81f6f8000 	C:\WINDOWS\System32\RPCRT4.dll
0x00007ff81f700000 - 0x00007ff81f780000 	C:\WINDOWS\System32\WS2_32.dll
0x00007ff81e2e0000 - 0x00007ff81e33e000 	C:\WINDOWS\SYSTEM32\POWRPROF.dll
0x00007ff810f30000 - 0x00007ff810f3b000 	C:\WINDOWS\SYSTEM32\VERSION.dll
0x00007ff8170b0000 - 0x00007ff8170e6000 	C:\WINDOWS\SYSTEM32\WINMM.dll
0x00007ff81e2c0000 - 0x00007ff81e2d4000 	C:\WINDOWS\SYSTEM32\UMPDC.dll
0x00007ff81d160000 - 0x00007ff81d17b000 	C:\WINDOWS\SYSTEM32\kernel.appcore.dll
0x00007ff808180000 - 0x00007ff80818a000 	c:\Users\Admin\.vscode\extensions\redhat.java-1.55.0-win32-x64\jre\21.0.11-win32-x86_64\bin\jimage.dll
0x00007ff81bb60000 - 0x00007ff81bda2000 	C:\WINDOWS\SYSTEM32\DBGHELP.DLL
0x00007ff81fce0000 - 0x00007ff820063000 	C:\WINDOWS\System32\combase.dll
0x00007ff8202d0000 - 0x00007ff8203a9000 	C:\WINDOWS\System32\OLEAUT32.dll
0x00007ff817070000 - 0x00007ff8170ab000 	C:\WINDOWS\SYSTEM32\dbgcore.DLL
0x00007ff81e480000 - 0x00007ff81e52c000 	C:\WINDOWS\System32\bcryptPrimitives.dll
0x00007ff808020000 - 0x00007ff80802f000 	c:\Users\Admin\.vscode\extensions\redhat.java-1.55.0-win32-x64\jre\21.0.11-win32-x86_64\bin\instrument.dll
0x00007ffff56f0000 - 0x00007ffff5710000 	c:\Users\Admin\.vscode\extensions\redhat.java-1.55.0-win32-x64\jre\21.0.11-win32-x86_64\bin\java.dll
0x00007ff8206e0000 - 0x00007ff820e72000 	C:\WINDOWS\System32\SHELL32.dll
0x00007ff81bf40000 - 0x00007ff81c7d2000 	C:\WINDOWS\SYSTEM32\windows.storage.dll
0x00007ff81f1c0000 - 0x00007ff81f2b7000 	C:\WINDOWS\System32\SHCORE.dll
0x00007ff820f40000 - 0x00007ff820fa7000 	C:\WINDOWS\System32\shlwapi.dll
0x00007ff81e3a0000 - 0x00007ff81e3c9000 	C:\WINDOWS\SYSTEM32\profapi.dll
0x00007ffff56d0000 - 0x00007ffff56e8000 	c:\Users\Admin\.vscode\extensions\redhat.java-1.55.0-win32-x64\jre\21.0.11-win32-x86_64\bin\zip.dll
0x00007ff807f90000 - 0x00007ff807fa0000 	C:\Users\Admin\.vscode\extensions\redhat.java-1.55.0-win32-x64\jre\21.0.11-win32-x86_64\bin\net.dll
0x00007ff810ac0000 - 0x00007ff810be7000 	C:\WINDOWS\SYSTEM32\WINHTTP.dll
0x00007ff81d710000 - 0x00007ff81d77c000 	C:\WINDOWS\system32\mswsock.dll
0x00007ffff5290000 - 0x00007ffff52a6000 	C:\Users\Admin\.vscode\extensions\redhat.java-1.55.0-win32-x64\jre\21.0.11-win32-x86_64\bin\nio.dll
0x00007ff800400000 - 0x00007ff800410000 	c:\Users\Admin\.vscode\extensions\redhat.java-1.55.0-win32-x64\jre\21.0.11-win32-x86_64\bin\verify.dll
0x00007ffff0f30000 - 0x00007ffff0f75000 	C:\Users\Admin\AppData\Roaming\Code\User\globalStorage\redhat.java\1.55.0\config_win\org.eclipse.equinox.launcher\org.eclipse.equinox.launcher.win32.win32.x86_64_1.3.100.v20260613-0559\eclipse_11924.dll
0x00007ff820070000 - 0x00007ff820209000 	C:\WINDOWS\System32\ole32.dll
0x00007ff8003a0000 - 0x00007ff8003aa000 	C:\Users\Admin\.vscode\extensions\redhat.java-1.55.0-win32-x64\jre\21.0.11-win32-x86_64\bin\management.dll
0x00007fffff180000 - 0x00007fffff18c000 	C:\Users\Admin\.vscode\extensions\redhat.java-1.55.0-win32-x64\jre\21.0.11-win32-x86_64\bin\management_ext.dll
0x00007ff81f840000 - 0x00007ff81f848000 	C:\WINDOWS\System32\PSAPI.DLL
0x00007ff81da10000 - 0x00007ff81da2b000 	C:\WINDOWS\SYSTEM32\CRYPTSP.dll
0x00007ff81d0c0000 - 0x00007ff81d0f9000 	C:\WINDOWS\system32\rsaenh.dll
0x00007ff81d7d0000 - 0x00007ff81d802000 	C:\WINDOWS\SYSTEM32\USERENV.dll
0x00007ff81e370000 - 0x00007ff81e39a000 	C:\WINDOWS\SYSTEM32\bcrypt.dll
0x00007ff81da30000 - 0x00007ff81da3c000 	C:\WINDOWS\SYSTEM32\CRYPTBASE.dll
0x00007ff81cab0000 - 0x00007ff81cae3000 	C:\WINDOWS\SYSTEM32\IPHLPAPI.DLL
0x00007ff8204c0000 - 0x00007ff8204ca000 	C:\WINDOWS\System32\NSI.dll
0x00007fffef580000 - 0x00007fffef5c9000 	C:\Users\Admin\AppData\Local\Temp\jna-63116079\jna17519468380609801003.dll
0x00007ff811ab0000 - 0x00007ff811acd000 	C:\WINDOWS\SYSTEM32\dhcpcsvc6.DLL
0x00007ff8119d0000 - 0x00007ff8119f5000 	C:\WINDOWS\SYSTEM32\dhcpcsvc.DLL
0x00007ffff86f0000 - 0x00007ffff86fe000 	C:\Users\Admin\.vscode\extensions\redhat.java-1.55.0-win32-x64\jre\21.0.11-win32-x86_64\bin\sunmscapi.dll
0x00007ff81e780000 - 0x00007ff81e8f8000 	C:\WINDOWS\System32\CRYPT32.dll
0x00007ff81dcc0000 - 0x00007ff81dcf0000 	C:\WINDOWS\SYSTEM32\ncrypt.dll
0x00007ff81dc70000 - 0x00007ff81dcaf000 	C:\WINDOWS\SYSTEM32\NTASN1.dll
0x00007ff81caf0000 - 0x00007ff81cc46000 	C:\WINDOWS\SYSTEM32\DNSAPI.dll
0x00007ff81d4f0000 - 0x00007ff81d4fd000 	C:\WINDOWS\SYSTEM32\DSPARSE.dll
0x00007ff80b660000 - 0x00007ff80b66b000 	C:\Windows\System32\rasadhlp.dll
0x00007ff813fc0000 - 0x00007ff814046000 	C:\WINDOWS\System32\fwpuclnt.dll
0x00007ffff65a0000 - 0x00007ffff65a9000 	C:\Users\Admin\.vscode\extensions\redhat.java-1.55.0-win32-x64\jre\21.0.11-win32-x86_64\bin\extnet.dll

JVMTI agents:
c:\Users\Admin\.vscode\extensions\redhat.java-1.55.0-win32-x64\lombok\lombok-1.18.39-4050.jar path:c:\Users\Admin\.vscode\extensions\redhat.java-1.55.0-win32-x64\jre\21.0.11-win32-x86_64\bin\instrument.dll, loaded, initialized, instrumentlib options:none

dbghelp: loaded successfully - version: 4.0.5 - missing functions: none
symbol engine: initialized successfully - sym options: 0x614 - pdb path: .;c:\Users\Admin\.vscode\extensions\redhat.java-1.55.0-win32-x64\jre\21.0.11-win32-x86_64\bin;C:\WINDOWS\SYSTEM32;C:\WINDOWS\WinSxS\amd64_microsoft.windows.common-controls_6595b64144ccf1df_6.0.26100.8875_none_3e0d5d42e32fe9dd;c:\Users\Admin\.vscode\extensions\redhat.java-1.55.0-win32-x64\jre\21.0.11-win32-x86_64\bin\server;C:\Users\Admin\AppData\Roaming\Code\User\globalStorage\redhat.java\1.55.0\config_win\org.eclipse.equinox.launcher\org.eclipse.equinox.launcher.win32.win32.x86_64_1.3.100.v20260613-0559;C:\Users\Admin\AppData\Local\Temp\jna-63116079

VM Arguments:
jvm_args: --add-modules=ALL-SYSTEM --add-opens=java.base/java.util=ALL-UNNAMED --add-opens=java.base/java.lang=ALL-UNNAMED --add-opens=java.base/sun.nio.fs=ALL-UNNAMED -Declipse.application=org.eclipse.jdt.ls.core.id1 -Dosgi.bundles.defaultStartLevel=4 -Declipse.product=org.eclipse.jdt.ls.core.product -Djava.import.generatesMetadataFilesAtProjectRoot=false -DDetectVMInstallationsJob.disabled=true -Dfile.encoding=utf8 -XX:+UseParallelGC -XX:GCTimeRatio=4 -XX:AdaptiveSizePolicyWeight=90 -Dsun.zip.disableMemoryMapping=true -Xmx2G -Xms100m -Xlog:disable -javaagent:c:\Users\Admin\.vscode\extensions\redhat.java-1.55.0-win32-x64\lombok\lombok-1.18.39-4050.jar -XX:+HeapDumpOnOutOfMemoryError -XX:HeapDumpPath=c:\Users\Admin\AppData\Roaming\Code\User\workspaceStorage\d9b9f2700200b537eba820d095def1a9\redhat.java -Daether.dependencyCollector.impl=bf 
java_command: c:\Users\Admin\.vscode\extensions\redhat.java-1.55.0-win32-x64\server\plugins\org.eclipse.equinox.launcher_1.7.200.v20260619-2039.jar -configuration c:\Users\Admin\AppData\Roaming\Code\User\globalStorage\redhat.java\1.55.0\config_win -data c:\Users\Admin\AppData\Roaming\Code\User\workspaceStorage\d9b9f2700200b537eba820d095def1a9\redhat.java\jdt_ws --pipe=\\.\pipe\lsp-21af7928e7ef02194658108605682c8e-sock
java_class_path (initial): c:\Users\Admin\.vscode\extensions\redhat.java-1.55.0-win32-x64\server\plugins\org.eclipse.equinox.launcher_1.7.200.v20260619-2039.jar
Launcher Type: SUN_STANDARD

[Global flags]
    uintx AdaptiveSizePolicyWeight                 = 90                                        {product} {command line}
     intx CICompilerCount                          = 4                                         {product} {ergonomic}
    uintx GCTimeRatio                              = 4                                         {product} {command line}
     bool HeapDumpOnOutOfMemoryError               = true                                   {manageable} {command line}
    ccstr HeapDumpPath                             = c:\Users\Admin\AppData\Roaming\Code\User\workspaceStorage\d9b9f2700200b537eba820d095def1a9\redhat.java         {manageable} {command line}
   size_t InitialHeapSize                          = 104857600                                 {product} {command line}
   size_t MaxHeapSize                              = 2147483648                                {product} {command line}
   size_t MaxNewSize                               = 715653120                                 {product} {ergonomic}
   size_t MinHeapDeltaBytes                        = 524288                                    {product} {ergonomic}
   size_t MinHeapSize                              = 104857600                                 {product} {command line}
   size_t NewSize                                  = 34603008                                  {product} {ergonomic}
    uintx NonNMethodCodeHeapSize                   = 5839372                                {pd product} {ergonomic}
    uintx NonProfiledCodeHeapSize                  = 122909434                              {pd product} {ergonomic}
   size_t OldSize                                  = 70254592                                  {product} {ergonomic}
    uintx ProfiledCodeHeapSize                     = 122909434                              {pd product} {ergonomic}
    uintx ReservedCodeCacheSize                    = 251658240                              {pd product} {ergonomic}
     bool SegmentedCodeCache                       = true                                      {product} {ergonomic}
   size_t SoftMaxHeapSize                          = 2147483648                             {manageable} {ergonomic}
     bool UseCompressedOops                        = true                           {product lp64_product} {ergonomic}
     bool UseLargePagesIndividualAllocation        = false                                  {pd product} {ergonomic}
     bool UseParallelGC                            = true                                      {product} {command line}

Logging:
Log output configuration:
 #0: stdout all=off uptime,level,tags foldmultilines=false
 #1: stderr all=off uptime,level,tags foldmultilines=false

Release file:
JAVA_VERSION="21.0.11" 
MODULES="java.base java.compiler java.datatransfer java.xml java.prefs java.desktop java.instrument java.logging java.management java.security.sasl java.naming java.rmi java.management.rmi java.net.http java.scripting java.security.jgss java.transaction.xa java.sql java.sql.rowset java.xml.crypto java.se java.smartcardio jdk.accessibility jdk.internal.jvmstat jdk.attach jdk.charsets jdk.internal.opt jdk.zipfs jdk.compiler jdk.crypto.ec jdk.crypto.cryptoki jdk.crypto.mscapi jdk.dynalink jdk.internal.ed jdk.editpad jdk.hotspot.agent jdk.httpserver jdk.internal.le jdk.internal.vm.ci jdk.internal.vm.compiler jdk.internal.vm.compiler.management jdk.jartool jdk.javadoc jdk.jcmd jdk.management jdk.management.agent jdk.jconsole jdk.jdeps jdk.jdwp.agent jdk.jdi jdk.jfr jdk.jshell jdk.jsobject jdk.jstatd jdk.localedata jdk.management.jfr jdk.naming.dns jdk.naming.rmi jdk.net jdk.nio.mapmode jdk.random jdk.sctp jdk.security.auth jdk.security.jgss jdk.unsupported jdk.unsupported.desktop jdk.xml.dom" 

Environment Variables:
PATH=C:\Program Files\Common Files\Oracle\Java\javapath;C:\oraclexe\app\oracle\product\10.2.0\server\bin;C:\WINDOWS\system32;C:\WINDOWS;C:\WINDOWS\System32\Wbem;C:\WINDOWS\System32\WindowsPowerShell\v1.0\;C:\WINDOWS\System32\OpenSSH\;C:\WINDOWS\IsmFiles;C:\Program Files\dotnet\;C:\Program Files (x86)\Microsoft SQL Server\100\Tools\Binn\;C:\Program Files\Microsoft SQL Server\100\Tools\Binn\;C:\Program Files\Microsoft SQL Server\100\DTS\Binn\;C:\Program Files (x86)\Microsoft SQL Server\160\Tools\Binn\;C:\Program Files\Microsoft SQL Server\160\Tools\Binn\;C:\Program Files\Microsoft SQL Server\Client SDK\ODBC\170\Tools\Binn\;C:\Program Files\Microsoft SQL Server\160\DTS\Binn\;C:\Program Files\Microsoft SQL Server\130\Tools\Binn\;C:\Users\Admin\Downloads\gradle-8.11\bin;C:\Program Files\OpenSSL-Win64\bin;C:\Program Files\Git\cmd;C:\Program Files\nodejs\;C:\Program Files\Cloudflare\Cloudflare WARP\;C:\Program Files\MySQL\MySQL Shell 8.0\bin\;C:\Users\Admin\AppData\Local\Programs\Python\Python39\Scripts\;C:\Users\Admin\AppData\Local\Programs\Python\Python39\;C:\Users\Admin\AppData\Local\Microsoft\WindowsApps;C:\Program Files\CodeBlocks\MinGW\bin;C:\Users\Admin\AppData\Local\Programs\Microsoft VS Code\bin;C:\msys64\mingw64\bin;C:\Program Files\JetBrains\PyCharm Community Edition 2021.2.1\bin;D:\Java\bin;C:\Program Files\JetBrains\IntelliJ IDEA 2025.3.1\bin;C:\Users\Admin\AppData\Roaming\npm
USERNAME=Admin
OS=Windows_NT
PROCESSOR_IDENTIFIER=Intel64 Family 6 Model 140 Stepping 1, GenuineIntel
TMP=C:\Users\Admin\AppData\Local\Temp
TEMP=C:\Users\Admin\AppData\Local\Temp




Periodic native trim disabled

---------------  S Y S T E M  ---------------

OS:
 Windows 11 , 64 bit Build 26100 (10.0.26100.8875)
OS uptime: 0 days 5:29 hours

CPU: total 8 (initial active 8) (4 cores per cpu, 2 threads per core) family 6 model 140 stepping 1 microcode 0xbe, cx8, cmov, fxsr, ht, mmx, 3dnowpref, sse, sse2, sse3, ssse3, sse4.1, sse4.2, popcnt, lzcnt, tsc, tscinvbit, avx, avx2, aes, erms, clmul, bmi1, bmi2, adx, avx512f, avx512dq, avx512cd, avx512bw, avx512vl, sha, fma, vzeroupper, avx512_vpopcntdq, avx512_vpclmulqdq, avx512_vaes, avx512_vnni, clflush, clflushopt, clwb, avx512_vbmi2, avx512_vbmi, rdtscp, rdpid, fsrm, gfni, avx512_bitalg, f16c, pku, cet_ibt, cet_ss, avx512_ifma
Processor Information for processor 0
  Max Mhz: 2419, Current Mhz: 2419, Mhz Limit: 2419
Processor Information for processor 1
  Max Mhz: 2419, Current Mhz: 2419, Mhz Limit: 2419
Processor Information for processor 2
  Max Mhz: 2419, Current Mhz: 2419, Mhz Limit: 2419
Processor Information for processor 3
  Max Mhz: 2419, Current Mhz: 2419, Mhz Limit: 2419
Processor Information for processor 4
  Max Mhz: 2419, Current Mhz: 2419, Mhz Limit: 2419
Processor Information for processor 5
  Max Mhz: 2419, Current Mhz: 2419, Mhz Limit: 2419
Processor Information for processor 6
  Max Mhz: 2419, Current Mhz: 2419, Mhz Limit: 2419
Processor Information for processor 7
  Max Mhz: 2419, Current Mhz: 1209, Mhz Limit: 2419

Memory: 4k page, system-wide physical 7914M (791M free)
TotalPageFile size 24298M (AvailPageFile size 121M)
current process WorkingSet (physical memory assigned to process): 8M, peak: 962M
current process commit charge ("private bytes"): 1442M, peak: 1453M

vm_info: OpenJDK 64-Bit Server VM (21.0.11+10-LTS) for windows-amd64 JRE (21.0.11+10-LTS), built on 2026-04-21T00:00:00Z by "admin" with MS VC++ 17.12 (VS2022)

END.
